// Jest Snapshot v1, https://goo.gl/fbAQLP

exports[` 1`] = `
ShallowWrapper {
  "complexSelector": ComplexSelector {
    "buildPredicate": [Function],
    "childrenOfNode": [Function],
    "findWhereUnwrapped": [Function],
  },
  "length": 1,
  "node": <div
    className="card MenuItem MenuItemComponent"
>
    <div
        className="card-image"
    >
        <img
            alt="Nothing"
            src="//via.placeholder.com/300x200"
        />
    </div>
    <div
        className="card-content"
    >
        <h5
            className="card-title"
        >
            Some Item A
        </h5>
        <p>
            $9.99
        </p>
    </div>
    <div
        className="card-action"
    >
        <button>
            Button test
        </button>
        <a
            className="menuChoice #fdd835 yellow darken-1 btn"
            href="."
            onClick={[Function]}
        >
            ADD TO ORDER
        </a>
    </div>
</div>,
  "nodes": Array [
    <div
      className="card MenuItem MenuItemComponent"
>
      <div
            className="card-image"
      >
            <img
                  alt="Nothing"
                  src="//via.placeholder.com/300x200"
            />
      </div>
      <div
            className="card-content"
      >
            <h5
                  className="card-title"
            >
                  Some Item A
            </h5>
            <p>
                  $9.99
            </p>
      </div>
      <div
            className="card-action"
      >
            <button>
                  Button test
            </button>
            <a
                  className="menuChoice #fdd835 yellow darken-1 btn"
                  href="."
                  onClick={[Function]}
            >
                  ADD TO ORDER
            </a>
      </div>
</div>,
  ],
  "options": Object {},
  "renderer": ReactShallowRenderer {
    "_instance": ShallowComponentWrapper {
      "_calledComponentWillUnmount": false,
      "_compositeType": 2,
      "_context": Object {},
      "_currentElement": <MenuItemComponent
        item={
                Object {
                        "imagePath": "//via.placeholder.com/300x200",
                        "name": "Some Item A",
                        "price": 9.99,
                      }
        }
        onAddItem={[Function]}
/>,
      "_debugID": 14,
      "_hostContainerInfo": null,
      "_hostParent": null,
      "_instance": StatelessComponent {
        "_reactInternalInstance": [Circular],
        "context": Object {},
        "props": Object {
          "item": Object {
            "imagePath": "//via.placeholder.com/300x200",
            "name": "Some Item A",
            "price": 9.99,
          },
          "onAddItem": [Function],
        },
        "refs": Object {},
        "state": null,
        "updater": Object {
          "enqueueCallback": [Function],
          "enqueueCallbackInternal": [Function],
          "enqueueElementInternal": [Function],
          "enqueueForceUpdate": [Function],
          "enqueueReplaceState": [Function],
          "enqueueSetState": [Function],
          "isMounted": [Function],
          "validateCallback": [Function],
        },
      },
      "_mountOrder": 2,
      "_pendingCallbacks": null,
      "_pendingElement": null,
      "_pendingForceUpdate": false,
      "_pendingReplaceState": false,
      "_pendingStateQueue": null,
      "_renderedComponent": NoopInternalComponent {
        "_currentElement": <div
          className="card MenuItem MenuItemComponent"
>
          <div
                    className="card-image"
          >
                    <img
                              alt="Nothing"
                              src="//via.placeholder.com/300x200"
                    />
          </div>
          <div
                    className="card-content"
          >
                    <h5
                              className="card-title"
                    >
                              Some Item A
                    </h5>
                    <p>
                              $9.99
                    </p>
          </div>
          <div
                    className="card-action"
          >
                    <button>
                              Button test
                    </button>
                    <a
                              className="menuChoice #fdd835 yellow darken-1 btn"
                              href="."
                              onClick={[Function]}
                    >
                              ADD TO ORDER
                    </a>
          </div>
</div>,
        "_debugID": 15,
        "_renderedOutput": <div
          className="card MenuItem MenuItemComponent"
>
          <div
                    className="card-image"
          >
                    <img
                              alt="Nothing"
                              src="//via.placeholder.com/300x200"
                    />
          </div>
          <div
                    className="card-content"
          >
                    <h5
                              className="card-title"
                    >
                              Some Item A
                    </h5>
                    <p>
                              $9.99
                    </p>
          </div>
          <div
                    className="card-action"
          >
                    <button>
                              Button test
                    </button>
                    <a
                              className="menuChoice #fdd835 yellow darken-1 btn"
                              href="."
                              onClick={[Function]}
                    >
                              ADD TO ORDER
                    </a>
          </div>
</div>,
      },
      "_renderedNodeType": 0,
      "_rootNodeID": 0,
      "_topLevelWrapper": null,
      "_updateBatchNumber": null,
      "_warnedAboutRefsInRender": false,
    },
    "getRenderOutput": [Function],
    "render": [Function],
  },
  "root": [Circular],
  "unrendered": <MenuItemComponent
    item={
        Object {
            "imagePath": "//via.placeholder.com/300x200",
            "name": "Some Item A",
            "price": 9.99,
          }
    }
    onAddItem={[Function]}
/>,
}
`;
